// Jest Snapshot v1, https://goo.gl/fbAQLP

exports[`Tag snapshot test suite should render without bug 1`] = `
<View
  accessibilityRole="button"
  accessibilityState={
    {
      "busy": undefined,
      "checked": undefined,
      "disabled": undefined,
      "expanded": undefined,
      "selected": undefined,
    }
  }
  accessibilityValue={
    {
      "max": undefined,
      "min": undefined,
      "now": undefined,
      "text": undefined,
    }
  }
  accessible={true}
  collapsable={false}
  focusable={false}
  onClick={[Function]}
  onResponderGrant={[Function]}
  onResponderMove={[Function]}
  onResponderRelease={[Function]}
  onResponderTerminate={[Function]}
  onResponderTerminationRequest={[Function]}
  onStartShouldSetResponder={[Function]}
  style={
    {
      "alignItems": "center",
      "alignSelf": "flex-start",
      "backgroundColor": "#000091",
      "borderBottomLeftRadius": 60,
      "borderBottomRightRadius": 60,
      "borderTopLeftRadius": 60,
      "borderTopRightRadius": 60,
      "display": "flex",
      "flexDirection": "row",
      "gap": 8,
      "minHeight": 56,
      "opacity": 1,
      "paddingHorizontal": 16,
      "paddingVertical": 12,
    }
  }
>
  <Text
    isRTL={false}
    selectable={true}
    style={
      [
        {
          "color": "#212121",
          "fontFamily": "circularBold",
          "fontSize": 16,
          "lineHeight": 24,
          "textAlign": "left",
        },
        {
          "color": "white",
        },
      ]
    }
  />
  <View
    collapsable={false}
    style={
      {
        "transform": [
          {
            "scale": 1,
          },
        ],
      }
    }
  >
    <RNSVGSvgView
      align="xMidYMid"
      bbHeight="24"
      bbWidth="24"
      fill="#FFFFFF"
      focusable={false}
      height={24}
      meetOrSlice={0}
      minX={0}
      minY={0}
      style={
        [
          {
            "backgroundColor": "transparent",
            "borderWidth": 0,
          },
          {
            "flex": 0,
            "height": 24,
            "width": 24,
          },
        ]
      }
      vbHeight={24}
      vbWidth={24}
      width={24}
    >
      <RNSVGGroup
        fill={
          {
            "payload": 4294967295,
            "type": 0,
          }
        }
        propList={
          [
            "fill",
          ]
        }
      >
        <RNSVGGroup
          fill={
            {
              "payload": 4278190080,
              "type": 0,
            }
          }
        >
          <RNSVGGroup
            fill={
              {
                "payload": 4278190080,
                "type": 0,
              }
            }
          >
            <RNSVGRect
              fill={
                {
                  "payload": 4278190080,
                  "type": 0,
                }
              }
              height="24"
              matrix={
                [
                  -1,
                  1.2246467991473532e-16,
                  -1.2246467991473532e-16,
                  -1,
                  24,
                  24,
                ]
              }
              opacity={0}
              width="24"
              x="0"
              y="0"
            />
            <RNSVGPath
              d="M13.41 12l4.3-4.29a1 1 0 1 0-1.42-1.42L12 10.59l-4.29-4.3a1 1 0 0 0-1.42 1.42l4.3 4.29-4.3 4.29a1 1 0 0 0 0 1.42 1 1 0 0 0 1.42 0l4.29-4.3 4.29 4.3a1 1 0 0 0 1.42 0 1 1 0 0 0 0-1.42z"
              fill={
                {
                  "payload": 4278190080,
                  "type": 0,
                }
              }
            />
          </RNSVGGroup>
        </RNSVGGroup>
      </RNSVGGroup>
    </RNSVGSvgView>
  </View>
</View>
`;
