// Jest Snapshot v1, https://goo.gl/fbAQLP

exports[`SectionTitle snapshot test suite should render without bug 1`] = `
<Text
  selectable={true}
  style={
    [
      {
        "textAlign": "left",
      },
      {
        "color": "#212121",
        "fontFamily": "Marianne-Bold",
        "fontSize": 18,
        "lineHeight": 28,
        "marginBottom": 16,
      },
    ]
  }
>
  Mon sous titre
</Text>
`;
