// Jest Snapshot v1, https://goo.gl/fbAQLP

exports[`publier renders publier 1`] = `
<DocumentFragment>
  <div
    class="main"
  >
    <div
      class="section bg_blue mb-4"
    >
      <div
        class="container container"
      >
        <div
          class="hero row"
        >
          <div
            class="hero_title col-sm-12 col-lg-6"
          >
            <h1
              class="text-white"
            >
              Publish.title
            </h1>
            <p
              class="subtitle"
            >
              Publish.subtitle
            </p>
            <div
              class="container"
            >
              <a
                class="btn"
                href="/undefined#why"
                title="Suivant"
              >
                <span
                  class="icon"
                >
                  <i
                    style="height: 24px; line-height: 24px;"
                  >
                    <svg
                      class="eva eva-arrow-downward-outline"
                      fill="bleuCharte"
                      height="24px"
                      viewBox="0 0 24 24"
                      width="24px"
                      xmlns="http://www.w3.org/2000/svg"
                    >
                      <g
                        data-name="Layer 2"
                      >
                        <g
                          data-name="arrow-downward"
                        >
                          <rect
                            height="24"
                            opacity="0"
                            width="24"
                          />
                          <path
                            d="M18.77 13.36a1 1 0 0 0-1.41-.13L13 16.86V5a1 1 0 0 0-2 0v11.86l-4.36-3.63a1 1 0 1 0-1.28 1.54l6 5 .15.09.13.07a1 1 0 0 0 .72 0l.13-.07.15-.09 6-5a1 1 0 0 0 .13-1.41z"
                          />
                        </g>
                      </g>
                    </svg>
                  </i>
                </span>
              </a>
            </div>
          </div>
          <div
            class="col-sm-12 col-lg-6"
          >
            <img
              alt=""
              data-nimg="1"
              decoding="async"
              height="40"
              loading="lazy"
              src="/_next/image?url=%2Fimg.jpg&w=96&q=75"
              srcset="/_next/image?url=%2Fimg.jpg&w=48&q=75 1x, /_next/image?url=%2Fimg.jpg&w=96&q=75 2x"
              style="color: transparent; max-width: 100%; height: auto;"
              width="40"
            />
          </div>
        </div>
      </div>
    </div>
    <div
      class="container shadow"
    >
      <div
        class="inner container"
      >
        <div>
          <a
            class="btn green"
            href="/undefined#why"
          >
            Publish.navbarItem1
          </a>
          <a
            class="btn purple"
            href="/undefined#required"
          >
            Publish.navbarItem2
          </a>
          <a
            class="btn orange"
            href="/undefined#steps"
          >
            Publish.navbarItem3
          </a>
          <a
            class="btn red"
            href="/undefined#faq"
          >
            Publish.navbarItem4
          </a>
        </div>
        <a
          class="btn blue"
          href="/undefined#register"
        >
          <span
            class="icon"
          >
            <i
              style="height: 20px; line-height: 20px;"
            >
              <svg
                class="eva eva-plus-circle-outline"
                fill="#fff"
                height="20px"
                viewBox="0 0 24 24"
                width="20px"
                xmlns="http://www.w3.org/2000/svg"
              >
                <g
                  data-name="Layer 2"
                >
                  <g
                    data-name="plus-circle"
                  >
                    <rect
                      height="24"
                      opacity="0"
                      width="24"
                    />
                    <path
                      d="M12 2a10 10 0 1 0 10 10A10 10 0 0 0 12 2zm0 18a8 8 0 1 1 8-8 8 8 0 0 1-8 8z"
                    />
                    <path
                      d="M15 11h-2V9a1 1 0 0 0-2 0v2H9a1 1 0 0 0 0 2h2v2a1 1 0 0 0 2 0v-2h2a1 1 0 0 0 0-2z"
                    />
                  </g>
                </g>
              </svg>
            </i>
          </span>
          Publish.navbarItem5
        </a>
      </div>
    </div>
    <div
      class="scrollspy_section"
    >
      <span
        class="anchor"
        id="why"
      />
      <div
        class="section"
      >
        <div
          class="container container"
        >
          <h2
            class="title2"
          >
            Publish.whyTitle
          </h2>
          <div
            class="row"
          >
            <div
              class="infos with_images col"
            >
              <div
                class="container"
              >
                <button
                  class="btn open btn btn-secondary"
                  type="button"
                >
                  Publish.whyAccordionTitle1
                  <span
                    class="icon icon"
                  >
                    <i
                      style="height: 32px; line-height: 32px;"
                    >
                      <svg
                        class="eva eva-arrow-ios-downward-outline"
                        fill="black"
                        height="32px"
                        viewBox="0 0 24 24"
                        width="32px"
                        xmlns="http://www.w3.org/2000/svg"
                      >
                        <g
                          data-name="Layer 2"
                        >
                          <g
                            data-name="arrow-ios-downward"
                          >
                            <rect
                              height="24"
                              opacity="0"
                              width="24"
                            />
                            <path
                              d="M12 16a1 1 0 0 1-.64-.23l-6-5a1 1 0 1 1 1.28-1.54L12 13.71l5.36-4.32a1 1 0 0 1 1.41.15 1 1 0 0 1-.14 1.46l-6 4.83A1 1 0 0 1 12 16z"
                            />
                          </g>
                        </g>
                      </svg>
                    </i>
                  </span>
                </button>
                <div
                  class="collapse show"
                >
                  <p
                    class="text"
                  >
                    Publish.whyAccordionText1
                  </p>
                </div>
              </div>
              <div
                class="container video2"
              >
                <button
                  class="btn btn btn-secondary"
                  type="button"
                >
                  Publish.whyAccordionTitle2
                  <span
                    class="icon icon"
                  >
                    <i
                      style="height: 32px; line-height: 32px;"
                    >
                      <svg
                        class="eva eva-arrow-ios-downward-outline"
                        fill="black"
                        height="32px"
                        viewBox="0 0 24 24"
                        width="32px"
                        xmlns="http://www.w3.org/2000/svg"
                      >
                        <g
                          data-name="Layer 2"
                        >
                          <g
                            data-name="arrow-ios-downward"
                          >
                            <rect
                              height="24"
                              opacity="0"
                              width="24"
                            />
                            <path
                              d="M12 16a1 1 0 0 1-.64-.23l-6-5a1 1 0 1 1 1.28-1.54L12 13.71l5.36-4.32a1 1 0 0 1 1.41.15 1 1 0 0 1-.14 1.46l-6 4.83A1 1 0 0 1 12 16z"
                            />
                          </g>
                        </g>
                      </svg>
                    </i>
                  </span>
                </button>
                <div
                  class="collapse"
                >
                  <p
                    class="text"
                  >
                    Publish.whyAccordionText2
                  </p>
                </div>
              </div>
              <div
                class="container"
              >
                <button
                  class="btn btn btn-secondary"
                  type="button"
                >
                  Publish.whyAccordionTitle3
                  <span
                    class="icon icon"
                  >
                    <i
                      style="height: 32px; line-height: 32px;"
                    >
                      <svg
                        class="eva eva-arrow-ios-downward-outline"
                        fill="black"
                        height="32px"
                        viewBox="0 0 24 24"
                        width="32px"
                        xmlns="http://www.w3.org/2000/svg"
                      >
                        <g
                          data-name="Layer 2"
                        >
                          <g
                            data-name="arrow-ios-downward"
                          >
                            <rect
                              height="24"
                              opacity="0"
                              width="24"
                            />
                            <path
                              d="M12 16a1 1 0 0 1-.64-.23l-6-5a1 1 0 1 1 1.28-1.54L12 13.71l5.36-4.32a1 1 0 0 1 1.41.15 1 1 0 0 1-.14 1.46l-6 4.83A1 1 0 0 1 12 16z"
                            />
                          </g>
                        </g>
                      </svg>
                    </i>
                  </span>
                </button>
                <div
                  class="collapse"
                >
                  <p
                    class="text"
                  >
                    Publish.whyAccordionText3
                  </p>
                </div>
              </div>
              <div
                class="container"
              >
                <button
                  class="btn btn btn-secondary"
                  type="button"
                >
                  Publish.whyAccordionTitle4
                  <span
                    class="icon icon"
                  >
                    <i
                      style="height: 32px; line-height: 32px;"
                    >
                      <svg
                        class="eva eva-arrow-ios-downward-outline"
                        fill="black"
                        height="32px"
                        viewBox="0 0 24 24"
                        width="32px"
                        xmlns="http://www.w3.org/2000/svg"
                      >
                        <g
                          data-name="Layer 2"
                        >
                          <g
                            data-name="arrow-ios-downward"
                          >
                            <rect
                              height="24"
                              opacity="0"
                              width="24"
                            />
                            <path
                              d="M12 16a1 1 0 0 1-.64-.23l-6-5a1 1 0 1 1 1.28-1.54L12 13.71l5.36-4.32a1 1 0 0 1 1.41.15 1 1 0 0 1-.14 1.46l-6 4.83A1 1 0 0 1 12 16z"
                            />
                          </g>
                        </g>
                      </svg>
                    </i>
                  </span>
                </button>
                <div
                  class="collapse"
                >
                  <p
                    class="text"
                  >
                    Publish.whyAccordionText4
                  </p>
                </div>
              </div>
            </div>
            <div
              class="media center col"
            >
              <img
                alt=""
                class="image"
                data-nimg="1"
                decoding="async"
                height="40"
                loading="lazy"
                src="/_next/image?url=%2Fimg.jpg&w=96&q=75"
                srcset="/_next/image?url=%2Fimg.jpg&w=48&q=75 1x, /_next/image?url=%2Fimg.jpg&w=96&q=75 2x"
                style="color: transparent;"
                width="40"
              />
            </div>
          </div>
        </div>
      </div>
      <div
        class="section bg_green"
      >
        <div
          class="container container"
        >
          <div
            class="container"
          >
            <button
              class="btn next btn btn-secondary"
              type="button"
            >
              <span
                class="icon"
              >
                <i
                  style="height: 24px; line-height: 24px;"
                >
                  <svg
                    class="eva eva-arrow-forward-outline"
                    fill="#055e5a"
                    height="24px"
                    viewBox="0 0 24 24"
                    width="24px"
                    xmlns="http://www.w3.org/2000/svg"
                  >
                    <g
                      data-name="Layer 2"
                    >
                      <g
                        data-name="arrow-forward"
                      >
                        <rect
                          height="24"
                          opacity="0"
                          transform="rotate(-90 12 12)"
                          width="24"
                        />
                        <path
                          d="M5 13h11.86l-3.63 4.36a1 1 0 0 0 1.54 1.28l5-6a1.19 1.19 0 0 0 .09-.15c0-.05.05-.08.07-.13A1 1 0 0 0 20 12a1 1 0 0 0-.07-.36c0-.05-.05-.08-.07-.13a1.19 1.19 0 0 0-.09-.15l-5-6A1 1 0 0 0 14 5a1 1 0 0 0-.64.23 1 1 0 0 0-.13 1.41L16.86 11H5a1 1 0 0 0 0 2z"
                        />
                      </g>
                    </g>
                  </svg>
                </i>
              </span>
            </button>
            <div
              class="slider"
            >
              <div
                class="testimony col"
              >
                <p>
                  Publish.testimony1
                </p>
                <div
                  class="container"
                >
                  <div
                    class="image"
                  >
                    <img
                      alt="Vincent Le Lann"
                      data-nimg="1"
                      decoding="async"
                      height="64"
                      loading="lazy"
                      src="/_next/image?url=%2Fimg.jpg&w=128&q=75"
                      srcset="/_next/image?url=%2Fimg.jpg&w=64&q=75 1x, /_next/image?url=%2Fimg.jpg&w=128&q=75 2x"
                      style="color: transparent;"
                      width="64"
                    />
                  </div>
                  <div
                    class="infos"
                  >
                    <div
                      class="name"
                    >
                      Vincent Le Lann
                    </div>
                    <div>
                      Compagnons du Tour de France à Nantes
                    </div>
                  </div>
                </div>
              </div>
              <div
                class="testimony col"
              >
                <p>
                  Publish.testimony2
                </p>
                <div
                  class="container"
                >
                  <div
                    class="image"
                  >
                    <img
                      alt="Rémi Crouzel"
                      data-nimg="1"
                      decoding="async"
                      height="64"
                      loading="lazy"
                      src="/_next/image?url=%2Fimg.jpg&w=128&q=75"
                      srcset="/_next/image?url=%2Fimg.jpg&w=64&q=75 1x, /_next/image?url=%2Fimg.jpg&w=128&q=75 2x"
                      style="color: transparent;"
                      width="64"
                    />
                  </div>
                  <div
                    class="infos"
                  >
                    <div
                      class="name"
                    >
                      Rémi Crouzel
                    </div>
                    <div>
                      Mission Locale de Dijon & Conseiller IPeRACTIFS21
                    </div>
                  </div>
                </div>
              </div>
              <div
                class="testimony col"
              >
                <p>
                  Publish.testimony3
                </p>
                <div
                  class="container"
                >
                  <div
                    class="image"
                  >
                    <img
                      alt="Paola Salazar"
                      data-nimg="1"
                      decoding="async"
                      height="64"
                      loading="lazy"
                      src="/_next/image?url=%2Fimg.jpg&w=128&q=75"
                      srcset="/_next/image?url=%2Fimg.jpg&w=64&q=75 1x, /_next/image?url=%2Fimg.jpg&w=128&q=75 2x"
                      style="color: transparent;"
                      width="64"
                    />
                  </div>
                  <div
                    class="infos"
                  >
                    <div
                      class="name"
                    >
                      Paola Salazar
                    </div>
                    <div>
                      Directrice adjointe UniR
                    </div>
                  </div>
                </div>
              </div>
            </div>
          </div>
        </div>
      </div>
    </div>
    <div
      class="section bg_grey scrollspy_section"
    >
      <span
        class="anchor"
        id="required"
      />
      <div
        class="container container"
      >
        <h2
          class="title2 center"
        >
          Publish.requiredTitle
        </h2>
        <div
          class="row"
        >
          <div
            class="mb-lg-0 mb-5 col-sm-12 col-lg-4"
          >
            <div
              class="container"
            >
              <div>
                <div
                  class="header"
                >
                  <img
                    alt=""
                    data-nimg="1"
                    decoding="async"
                    height="56"
                    loading="lazy"
                    src="/_next/image?url=%2Fimg.jpg&w=128&q=75"
                    srcset="/_next/image?url=%2Fimg.jpg&w=64&q=75 1x, /_next/image?url=%2Fimg.jpg&w=128&q=75 2x"
                    style="color: transparent; object-fit: contain;"
                    width="56"
                  />
                </div>
                <h3
                  class="title"
                >
                  Publish.requiredSubtitle1
                </h3>
                <div
                  class="text"
                >
                  <p
                    class="mb-0"
                  >
                    Publish.requiredText1
                  </p>
                </div>
              </div>
              <div>
                <div>
                  <p
                    class="example example_ko"
                  >
                    <span
                      class="icon icon"
                    >
                      <i
                        style="height: 20px; line-height: 20px;"
                      >
                        <svg
                          class="eva eva-close-outline"
                          fill="colorKo"
                          height="20px"
                          viewBox="0 0 24 24"
                          width="20px"
                          xmlns="http://www.w3.org/2000/svg"
                        >
                          <g
                            data-name="Layer 2"
                          >
                            <g
                              data-name="close"
                            >
                              <rect
                                height="24"
                                opacity="0"
                                transform="rotate(180 12 12)"
                                width="24"
                              />
                              <path
                                d="M13.41 12l4.3-4.29a1 1 0 1 0-1.42-1.42L12 10.59l-4.29-4.3a1 1 0 0 0-1.42 1.42l4.3 4.29-4.3 4.29a1 1 0 0 0 0 1.42 1 1 0 0 0 1.42 0l4.29-4.3 4.29 4.3a1 1 0 0 0 1.42 0 1 1 0 0 0 0-1.42z"
                              />
                            </g>
                          </g>
                        </svg>
                      </i>
                    </span>
                    Publish.requiredTextExample1Ko
                  </p>
                  <p
                    class="example example_ok"
                  >
                    <span
                      class="icon icon"
                    >
                      <i
                        style="height: 20px; line-height: 20px;"
                      >
                        <svg
                          class="eva eva-checkmark-outline"
                          fill="colorOk"
                          height="20px"
                          viewBox="0 0 24 24"
                          width="20px"
                          xmlns="http://www.w3.org/2000/svg"
                        >
                          <g
                            data-name="Layer 2"
                          >
                            <g
                              data-name="checkmark"
                            >
                              <rect
                                height="24"
                                opacity="0"
                                width="24"
                              />
                              <path
                                d="M9.86 18a1 1 0 0 1-.73-.32l-4.86-5.17a1 1 0 1 1 1.46-1.37l4.12 4.39 8.41-9.2a1 1 0 1 1 1.48 1.34l-9.14 10a1 1 0 0 1-.73.33z"
                              />
                            </g>
                          </g>
                        </svg>
                      </i>
                    </span>
                    Publish.requiredTextExample1Ok
                  </p>
                </div>
              </div>
            </div>
          </div>
          <div
            class="mb-lg-0 mb-5 col-sm-12 col-lg-4"
          >
            <div
              class="container"
            >
              <div>
                <div
                  class="header"
                >
                  <img
                    alt=""
                    data-nimg="1"
                    decoding="async"
                    height="56"
                    loading="lazy"
                    src="/_next/image?url=%2Fimg.jpg&w=128&q=75"
                    srcset="/_next/image?url=%2Fimg.jpg&w=64&q=75 1x, /_next/image?url=%2Fimg.jpg&w=128&q=75 2x"
                    style="color: transparent; object-fit: contain;"
                    width="56"
                  />
                </div>
                <h3
                  class="title"
                >
                  Publish.requiredSubtitle2
                </h3>
                <div
                  class="text"
                >
                  <p
                    class="mb-0"
                  >
                    Publish.requiredText2
                  </p>
                </div>
              </div>
              <div>
                <div>
                  <p
                    class="example example_ko"
                  >
                    <span
                      class="icon icon"
                    >
                      <i
                        style="height: 20px; line-height: 20px;"
                      >
                        <svg
                          class="eva eva-close-outline"
                          fill="colorKo"
                          height="20px"
                          viewBox="0 0 24 24"
                          width="20px"
                          xmlns="http://www.w3.org/2000/svg"
                        >
                          <g
                            data-name="Layer 2"
                          >
                            <g
                              data-name="close"
                            >
                              <rect
                                height="24"
                                opacity="0"
                                transform="rotate(180 12 12)"
                                width="24"
                              />
                              <path
                                d="M13.41 12l4.3-4.29a1 1 0 1 0-1.42-1.42L12 10.59l-4.29-4.3a1 1 0 0 0-1.42 1.42l4.3 4.29-4.3 4.29a1 1 0 0 0 0 1.42 1 1 0 0 0 1.42 0l4.29-4.3 4.29 4.3a1 1 0 0 0 1.42 0 1 1 0 0 0 0-1.42z"
                              />
                            </g>
                          </g>
                        </svg>
                      </i>
                    </span>
                    Publish.requiredTextExample2Ko
                  </p>
                  <p
                    class="example example_ok"
                  >
                    <span
                      class="icon icon"
                    >
                      <i
                        style="height: 20px; line-height: 20px;"
                      >
                        <svg
                          class="eva eva-checkmark-outline"
                          fill="colorOk"
                          height="20px"
                          viewBox="0 0 24 24"
                          width="20px"
                          xmlns="http://www.w3.org/2000/svg"
                        >
                          <g
                            data-name="Layer 2"
                          >
                            <g
                              data-name="checkmark"
                            >
                              <rect
                                height="24"
                                opacity="0"
                                width="24"
                              />
                              <path
                                d="M9.86 18a1 1 0 0 1-.73-.32l-4.86-5.17a1 1 0 1 1 1.46-1.37l4.12 4.39 8.41-9.2a1 1 0 1 1 1.48 1.34l-9.14 10a1 1 0 0 1-.73.33z"
                              />
                            </g>
                          </g>
                        </svg>
                      </i>
                    </span>
                    Publish.requiredTextExample2Ok
                  </p>
                </div>
              </div>
            </div>
          </div>
          <div
            class="mb-lg-0 mb-5 col-sm-12 col-lg-4"
          >
            <div
              class="container"
            >
              <div>
                <div
                  class="header"
                >
                  <img
                    alt=""
                    data-nimg="1"
                    decoding="async"
                    height="56"
                    loading="lazy"
                    src="/_next/image?url=%2Fimg.jpg&w=128&q=75"
                    srcset="/_next/image?url=%2Fimg.jpg&w=64&q=75 1x, /_next/image?url=%2Fimg.jpg&w=128&q=75 2x"
                    style="color: transparent; object-fit: contain;"
                    width="56"
                  />
                </div>
                <h3
                  class="title"
                >
                  Publish.requiredSubtitle3
                </h3>
                <div
                  class="text"
                >
                  <p
                    class="mb-0"
                  >
                    Publish.requiredText3
                  </p>
                </div>
              </div>
              <div>
                <div>
                  <p
                    class="example example_ko"
                  >
                    <span
                      class="icon icon"
                    >
                      <i
                        style="height: 20px; line-height: 20px;"
                      >
                        <svg
                          class="eva eva-close-outline"
                          fill="colorKo"
                          height="20px"
                          viewBox="0 0 24 24"
                          width="20px"
                          xmlns="http://www.w3.org/2000/svg"
                        >
                          <g
                            data-name="Layer 2"
                          >
                            <g
                              data-name="close"
                            >
                              <rect
                                height="24"
                                opacity="0"
                                transform="rotate(180 12 12)"
                                width="24"
                              />
                              <path
                                d="M13.41 12l4.3-4.29a1 1 0 1 0-1.42-1.42L12 10.59l-4.29-4.3a1 1 0 0 0-1.42 1.42l4.3 4.29-4.3 4.29a1 1 0 0 0 0 1.42 1 1 0 0 0 1.42 0l4.29-4.3 4.29 4.3a1 1 0 0 0 1.42 0 1 1 0 0 0 0-1.42z"
                              />
                            </g>
                          </g>
                        </svg>
                      </i>
                    </span>
                    Publish.requiredTextExample3Ko
                  </p>
                  <p
                    class="example example_ok"
                  >
                    <span
                      class="icon icon"
                    >
                      <i
                        style="height: 20px; line-height: 20px;"
                      >
                        <svg
                          class="eva eva-checkmark-outline"
                          fill="colorOk"
                          height="20px"
                          viewBox="0 0 24 24"
                          width="20px"
                          xmlns="http://www.w3.org/2000/svg"
                        >
                          <g
                            data-name="Layer 2"
                          >
                            <g
                              data-name="checkmark"
                            >
                              <rect
                                height="24"
                                opacity="0"
                                width="24"
                              />
                              <path
                                d="M9.86 18a1 1 0 0 1-.73-.32l-4.86-5.17a1 1 0 1 1 1.46-1.37l4.12 4.39 8.41-9.2a1 1 0 1 1 1.48 1.34l-9.14 10a1 1 0 0 1-.73.33z"
                              />
                            </g>
                          </g>
                        </svg>
                      </i>
                    </span>
                    Publish.requiredTextExample3Ok
                  </p>
                </div>
              </div>
            </div>
          </div>
        </div>
        <div
          class="link"
        >
          <a
            class="link color_purple"
            href="https://help.refugies.info/fr/article/charte-editoriale-comment-bien-rediger-une-fiche-1twbzhu/"
            rel="noopener noreferrer"
            target="_blank"
          >
            <span>
              Publish.requiredCTA
            </span>
            <span
              class="icon icon"
            >
              <i
                style="height: 24px; line-height: 24px;"
              >
                <svg
                  class="eva eva-arrow-forward-outline"
                  fill="purple"
                  height="24px"
                  viewBox="0 0 24 24"
                  width="24px"
                  xmlns="http://www.w3.org/2000/svg"
                >
                  <g
                    data-name="Layer 2"
                  >
                    <g
                      data-name="arrow-forward"
                    >
                      <rect
                        height="24"
                        opacity="0"
                        transform="rotate(-90 12 12)"
                        width="24"
                      />
                      <path
                        d="M5 13h11.86l-3.63 4.36a1 1 0 0 0 1.54 1.28l5-6a1.19 1.19 0 0 0 .09-.15c0-.05.05-.08.07-.13A1 1 0 0 0 20 12a1 1 0 0 0-.07-.36c0-.05-.05-.08-.07-.13a1.19 1.19 0 0 0-.09-.15l-5-6A1 1 0 0 0 14 5a1 1 0 0 0-.64.23 1 1 0 0 0-.13 1.41L16.86 11H5a1 1 0 0 0 0 2z"
                      />
                    </g>
                  </g>
                </svg>
              </i>
            </span>
          </a>
        </div>
      </div>
    </div>
    <div
      class="scrollspy_section"
    >
      <span
        class="anchor"
        id="steps"
      />
      <div
        class="section"
      >
        <div
          class="container container"
        >
          <h2
            class="title2"
          >
            Publish.stepsTitle
          </h2>
          <div
            class="warning_mobile"
          >
            <span
              class="icon"
            >
              <i
                style="height: 24px; line-height: 24px;"
              >
                <svg
                  class="eva eva-alert-circle-outline"
                  fill="black"
                  height="24px"
                  viewBox="0 0 24 24"
                  width="24px"
                  xmlns="http://www.w3.org/2000/svg"
                >
                  <g
                    data-name="Layer 2"
                  >
                    <g
                      data-name="alert-circle"
                    >
                      <rect
                        height="24"
                        opacity="0"
                        width="24"
                      />
                      <path
                        d="M12 2a10 10 0 1 0 10 10A10 10 0 0 0 12 2zm0 18a8 8 0 1 1 8-8 8 8 0 0 1-8 8z"
                      />
                      <circle
                        cx="12"
                        cy="16"
                        r="1"
                      />
                      <path
                        d="M12 7a1 1 0 0 0-1 1v5a1 1 0 0 0 2 0V8a1 1 0 0 0-1-1z"
                      />
                    </g>
                  </g>
                </svg>
              </i>
            </span>
            <p>
              Publish.stepsWarningMobile
            </p>
          </div>
          <div
            class="row orange"
          >
            <div
              class="content"
            >
              <div
                class="step"
              >
                <span>
                  1
                </span>
              </div>
              <h3
                class="title"
              >
                Publish.stepsSubtitle1
              </h3>
              <p
                class="text"
              >
                Publish.stepsText1
              </p>
              <a
                class="link color_orange"
                href="/undefined#register"
                rel="noopener noreferrer"
              >
                <span>
                  Publish.stepsCTA1
                </span>
                <span
                  class="icon icon"
                >
                  <i
                    style="height: 24px; line-height: 24px;"
                  >
                    <svg
                      class="eva eva-arrow-forward-outline"
                      fill="orange"
                      height="24px"
                      viewBox="0 0 24 24"
                      width="24px"
                      xmlns="http://www.w3.org/2000/svg"
                    >
                      <g
                        data-name="Layer 2"
                      >
                        <g
                          data-name="arrow-forward"
                        >
                          <rect
                            height="24"
                            opacity="0"
                            transform="rotate(-90 12 12)"
                            width="24"
                          />
                          <path
                            d="M5 13h11.86l-3.63 4.36a1 1 0 0 0 1.54 1.28l5-6a1.19 1.19 0 0 0 .09-.15c0-.05.05-.08.07-.13A1 1 0 0 0 20 12a1 1 0 0 0-.07-.36c0-.05-.05-.08-.07-.13a1.19 1.19 0 0 0-.09-.15l-5-6A1 1 0 0 0 14 5a1 1 0 0 0-.64.23 1 1 0 0 0-.13 1.41L16.86 11H5a1 1 0 0 0 0 2z"
                          />
                        </g>
                      </g>
                    </svg>
                  </i>
                </span>
              </a>
            </div>
            <div
              class="media"
            >
              <video
                class="video autoplay-video"
                height="320"
                loop=""
              >
                <source
                  src="/video/publier-video-step1.mp4"
                  type="video/mp4"
                />
              </video>
            </div>
          </div>
          <div
            class="row orange"
          >
            <div
              class="content"
            >
              <div
                class="step"
              >
                <span>
                  2
                </span>
              </div>
              <h3
                class="title"
              >
                Publish.stepsSubtitle2
              </h3>
              <p
                class="text"
              >
                Publish.stepsText2a
              </p>
              <p
                class="text"
              >
                Publish.stepsText2b
              </p>
              <a
                class="link color_orange"
                href="https://help.refugies.info/fr/category/charte-editoriale-2fq3x7/"
                rel="noopener noreferrer"
                target="_blank"
              >
                <span>
                  Publish.stepsCTA2
                </span>
                <span
                  class="icon icon"
                >
                  <i
                    style="height: 24px; line-height: 24px;"
                  >
                    <svg
                      class="eva eva-arrow-forward-outline"
                      fill="orange"
                      height="24px"
                      viewBox="0 0 24 24"
                      width="24px"
                      xmlns="http://www.w3.org/2000/svg"
                    >
                      <g
                        data-name="Layer 2"
                      >
                        <g
                          data-name="arrow-forward"
                        >
                          <rect
                            height="24"
                            opacity="0"
                            transform="rotate(-90 12 12)"
                            width="24"
                          />
                          <path
                            d="M5 13h11.86l-3.63 4.36a1 1 0 0 0 1.54 1.28l5-6a1.19 1.19 0 0 0 .09-.15c0-.05.05-.08.07-.13A1 1 0 0 0 20 12a1 1 0 0 0-.07-.36c0-.05-.05-.08-.07-.13a1.19 1.19 0 0 0-.09-.15l-5-6A1 1 0 0 0 14 5a1 1 0 0 0-.64.23 1 1 0 0 0-.13 1.41L16.86 11H5a1 1 0 0 0 0 2z"
                          />
                        </g>
                      </g>
                    </svg>
                  </i>
                </span>
              </a>
            </div>
            <div
              class="media"
            >
              <video
                class="video autoplay-video"
                height="320"
                loop=""
              >
                <source
                  src="/video/publier-video-step2.mp4"
                  type="video/mp4"
                />
              </video>
            </div>
          </div>
          <div
            class="row orange"
          >
            <div
              class="content"
            >
              <div
                class="step"
              >
                <span>
                  3
                </span>
              </div>
              <h3
                class="title"
              >
                Publish.stepsSubtitle3
              </h3>
              <p
                class="text"
              >
                Publish.stepsText3
              </p>
            </div>
            <div
              class="media"
            >
              <video
                class="video autoplay-video"
                height="320"
                loop=""
                width="340"
              >
                <source
                  src="/video/publier-video-step3.mp4"
                  type="video/mp4"
                />
              </video>
            </div>
          </div>
          <div
            class="row orange has_btn_step"
          >
            <div
              class="content"
            >
              <div
                class="step"
              >
                <span>
                  4
                </span>
              </div>
              <h3
                class="title"
              >
                Publish.stepsSubtitle4
              </h3>
              <p
                class="text"
              >
                Publish.stepsText4a
              </p>
              <p
                class="text"
              >
                Publish.stepsText4b
              </p>
              <div
                class="btn_step"
              >
                Publish.stepsButton
              </div>
            </div>
            <div
              class="media"
            >
              <img
                alt=""
                data-nimg="1"
                decoding="async"
                height="550"
                loading="lazy"
                src="/_next/image?url=%2Fimg.jpg&w=1200&q=75"
                srcset="/_next/image?url=%2Fimg.jpg&w=640&q=75 1x, /_next/image?url=%2Fimg.jpg&w=1200&q=75 2x"
                style="color: transparent; object-fit: contain;"
                width="550"
              />
            </div>
          </div>
          <div
            class="row orange"
          >
            <div
              class="content"
            >
              <div
                class="step"
              >
                <span>
                  5
                </span>
              </div>
              <h3
                class="title"
              >
                Publish.stepsSubtitle5
              </h3>
              <p
                class="text"
              >
                Publish.stepsText5a
              </p>
              <p
                class="text"
              >
                Publish.stepsText5b
              </p>
            </div>
            <div
              class="media"
            >
              <img
                alt=""
                data-nimg="1"
                decoding="async"
                height="415"
                loading="lazy"
                src="/_next/image?url=%2Fimg.jpg&w=1200&q=75"
                srcset="/_next/image?url=%2Fimg.jpg&w=640&q=75 1x, /_next/image?url=%2Fimg.jpg&w=1200&q=75 2x"
                style="color: transparent; object-fit: contain;"
                width="550"
              />
            </div>
          </div>
          <div
            class="row orange dotted"
          >
            <div
              class="content"
            >
              <div
                class="step"
              >
                <span>
                  6
                </span>
              </div>
              <h3
                class="title"
              >
                Publish.stepsSubtitle6
              </h3>
              <p
                class="text"
              >
                Publish.stepsText6a
              </p>
              <p
                class="text"
              >
                Publish.stepsText6b
              </p>
            </div>
            <div
              class="media"
            >
              <img
                alt=""
                data-nimg="1"
                decoding="async"
                height="550"
                loading="lazy"
                src="/_next/image?url=%2Fimg.jpg&w=1200&q=75"
                srcset="/_next/image?url=%2Fimg.jpg&w=640&q=75 1x, /_next/image?url=%2Fimg.jpg&w=1200&q=75 2x"
                style="color: transparent; object-fit: contain;"
                width="550"
              />
            </div>
          </div>
        </div>
      </div>
    </div>
    <div
      class="scrollspy_section"
    >
      <div
        class="section bg_grey"
      >
        <div
          class="container container"
        >
          <h2
            class="title2 center mb-0"
          >
            StaticPages.helpTitle
          </h2>
          <p
            class="subtitle center"
          >
            Publish.helpSubtitle
          </p>
          <div
            class="top_space row"
          >
            <div
              class="mb-lg-0 mb-5 col-sm-12 col-lg-4"
            >
              <div
                class="container"
              >
                <div>
                  <div
                    class="header"
                  >
                    <img
                      alt=""
                      data-nimg="1"
                      decoding="async"
                      height="56"
                      loading="lazy"
                      src="/_next/image?url=%2Fimg.jpg&w=128&q=75"
                      srcset="/_next/image?url=%2Fimg.jpg&w=64&q=75 1x, /_next/image?url=%2Fimg.jpg&w=128&q=75 2x"
                      style="color: transparent; object-fit: contain;"
                      width="56"
                    />
                  </div>
                  <h3
                    class="title"
                  >
                    Publish.helpTileTitle1
                  </h3>
                  <div
                    class="text"
                  >
                    <p>
                      Publish.helpTileText1
                    </p>
                  </div>
                </div>
                <div>
                  <a
                    class="link color_red"
                    href="https://airtable.com/shrrkFuyeG0BpKKT7"
                    rel="noopener noreferrer"
                    target="_blank"
                  >
                    <span>
                      Publish.helpTileCTA1
                    </span>
                    <span
                      class="icon icon"
                    >
                      <i
                        style="height: 24px; line-height: 24px;"
                      >
                        <svg
                          class="eva eva-arrow-forward-outline"
                          fill="red"
                          height="24px"
                          viewBox="0 0 24 24"
                          width="24px"
                          xmlns="http://www.w3.org/2000/svg"
                        >
                          <g
                            data-name="Layer 2"
                          >
                            <g
                              data-name="arrow-forward"
                            >
                              <rect
                                height="24"
                                opacity="0"
                                transform="rotate(-90 12 12)"
                                width="24"
                              />
                              <path
                                d="M5 13h11.86l-3.63 4.36a1 1 0 0 0 1.54 1.28l5-6a1.19 1.19 0 0 0 .09-.15c0-.05.05-.08.07-.13A1 1 0 0 0 20 12a1 1 0 0 0-.07-.36c0-.05-.05-.08-.07-.13a1.19 1.19 0 0 0-.09-.15l-5-6A1 1 0 0 0 14 5a1 1 0 0 0-.64.23 1 1 0 0 0-.13 1.41L16.86 11H5a1 1 0 0 0 0 2z"
                              />
                            </g>
                          </g>
                        </svg>
                      </i>
                    </span>
                  </a>
                </div>
              </div>
            </div>
            <div
              class="mb-lg-0 mb-5 col-sm-12 col-lg-4"
            >
              <div
                class="container"
              >
                <div>
                  <div
                    class="header"
                  >
                    <img
                      alt=""
                      data-nimg="1"
                      decoding="async"
                      height="56"
                      loading="lazy"
                      src="/_next/image?url=%2Fimg.jpg&w=128&q=75"
                      srcset="/_next/image?url=%2Fimg.jpg&w=64&q=75 1x, /_next/image?url=%2Fimg.jpg&w=128&q=75 2x"
                      style="color: transparent; object-fit: contain;"
                      width="56"
                    />
                  </div>
                  <h3
                    class="title"
                  >
                    Publish.helpTileTitle2
                  </h3>
                  <div
                    class="text"
                  >
                    <p>
                      Publish.helpTileText2
                    </p>
                  </div>
                </div>
                <div>
                  <a
                    class="link color_red"
                    href="https://help.refugies.info/fr/"
                    rel="noopener noreferrer"
                    target="_blank"
                  >
                    <span>
                      Publish.helpTileCTA2
                    </span>
                    <span
                      class="icon icon"
                    >
                      <i
                        style="height: 24px; line-height: 24px;"
                      >
                        <svg
                          class="eva eva-arrow-forward-outline"
                          fill="red"
                          height="24px"
                          viewBox="0 0 24 24"
                          width="24px"
                          xmlns="http://www.w3.org/2000/svg"
                        >
                          <g
                            data-name="Layer 2"
                          >
                            <g
                              data-name="arrow-forward"
                            >
                              <rect
                                height="24"
                                opacity="0"
                                transform="rotate(-90 12 12)"
                                width="24"
                              />
                              <path
                                d="M5 13h11.86l-3.63 4.36a1 1 0 0 0 1.54 1.28l5-6a1.19 1.19 0 0 0 .09-.15c0-.05.05-.08.07-.13A1 1 0 0 0 20 12a1 1 0 0 0-.07-.36c0-.05-.05-.08-.07-.13a1.19 1.19 0 0 0-.09-.15l-5-6A1 1 0 0 0 14 5a1 1 0 0 0-.64.23 1 1 0 0 0-.13 1.41L16.86 11H5a1 1 0 0 0 0 2z"
                              />
                            </g>
                          </g>
                        </svg>
                      </i>
                    </span>
                  </a>
                </div>
              </div>
            </div>
            <div
              class="mb-lg-0 mb-5 col-sm-12 col-lg-4"
            >
              <div
                class="container"
              >
                <div>
                  <div
                    class="header"
                  >
                    <img
                      alt=""
                      data-nimg="1"
                      decoding="async"
                      height="56"
                      loading="lazy"
                      src="/_next/image?url=%2Fimg.jpg&w=128&q=75"
                      srcset="/_next/image?url=%2Fimg.jpg&w=64&q=75 1x, /_next/image?url=%2Fimg.jpg&w=128&q=75 2x"
                      style="color: transparent; object-fit: contain;"
                      width="56"
                    />
                  </div>
                  <h3
                    class="title"
                  >
                    StaticPages.helpTileTitle3
                  </h3>
                  <div
                    class="text"
                  >
                    <p>
                      StaticPages.helpTileText3
                    </p>
                  </div>
                </div>
                <div>
                  <button
                    class="link color_red"
                  >
                    <span>
                      StaticPages.helpTileCTA3
                    </span>
                    <span
                      class="icon icon"
                    >
                      <i
                        style="height: 24px; line-height: 24px;"
                      >
                        <svg
                          class="eva eva-arrow-forward-outline"
                          fill="red"
                          height="24px"
                          viewBox="0 0 24 24"
                          width="24px"
                          xmlns="http://www.w3.org/2000/svg"
                        >
                          <g
                            data-name="Layer 2"
                          >
                            <g
                              data-name="arrow-forward"
                            >
                              <rect
                                height="24"
                                opacity="0"
                                transform="rotate(-90 12 12)"
                                width="24"
                              />
                              <path
                                d="M5 13h11.86l-3.63 4.36a1 1 0 0 0 1.54 1.28l5-6a1.19 1.19 0 0 0 .09-.15c0-.05.05-.08.07-.13A1 1 0 0 0 20 12a1 1 0 0 0-.07-.36c0-.05-.05-.08-.07-.13a1.19 1.19 0 0 0-.09-.15l-5-6A1 1 0 0 0 14 5a1 1 0 0 0-.64.23 1 1 0 0 0-.13 1.41L16.86 11H5a1 1 0 0 0 0 2z"
                              />
                            </g>
                          </g>
                        </svg>
                      </i>
                    </span>
                  </button>
                </div>
              </div>
            </div>
          </div>
        </div>
      </div>
      <div
        class="section bg_red"
      >
        <div
          class="container text-center container"
        >
          <h2
            class="title2 text-center text-white"
          >
            Publish.figuresTitle
          </h2>
          <div
            class="row"
          >
            <div
              class="col-sm-12 col-lg-4"
            >
              <div
                class="figure"
              >
                <div>
                  0
                </div>
              </div>
              <p
                class="label"
              >
                Publish.figuresSubtitle1
              </p>
            </div>
            <div
              class="col-sm-12 col-lg-4"
            >
              <div
                class="figure"
              >
                <div>
                  0
                </div>
              </div>
              <p
                class="label"
              >
                Publish.figuresSubtitle2
              </p>
            </div>
            <div
              class="col-sm-12 col-lg-4"
            >
              <div
                class="figure"
              >
                <div>
                  0
                </div>
              </div>
              <p
                class="label"
              >
                Publish.figuresSubtitle3
              </p>
            </div>
          </div>
        </div>
      </div>
      <div
        class="section"
      >
        <span
          class="anchor"
          id="faq"
        />
        <div
          class="container faq container"
        >
          <h2
            class="title2 text-center"
          >
            StaticPages.faqTitle
          </h2>
          <div
            class="row"
          >
            <div
              class="infos col"
            >
              <div
                class="container"
              >
                <button
                  class="btn btn btn-secondary"
                  type="button"
                >
                  Publish.faqAccordionTitle1
                  <span
                    class="icon icon"
                  >
                    <i
                      style="height: 32px; line-height: 32px;"
                    >
                      <svg
                        class="eva eva-arrow-ios-downward-outline"
                        fill="black"
                        height="32px"
                        viewBox="0 0 24 24"
                        width="32px"
                        xmlns="http://www.w3.org/2000/svg"
                      >
                        <g
                          data-name="Layer 2"
                        >
                          <g
                            data-name="arrow-ios-downward"
                          >
                            <rect
                              height="24"
                              opacity="0"
                              width="24"
                            />
                            <path
                              d="M12 16a1 1 0 0 1-.64-.23l-6-5a1 1 0 1 1 1.28-1.54L12 13.71l5.36-4.32a1 1 0 0 1 1.41.15 1 1 0 0 1-.14 1.46l-6 4.83A1 1 0 0 1 12 16z"
                            />
                          </g>
                        </g>
                      </svg>
                    </i>
                  </span>
                </button>
                <div
                  class="collapse"
                >
                  <p
                    class="text"
                  >
                    Publish.faqAccordionText1
                  </p>
                </div>
              </div>
              <div
                class="container"
              >
                <button
                  class="btn btn btn-secondary"
                  type="button"
                >
                  Publish.faqAccordionTitle2
                  <span
                    class="icon icon"
                  >
                    <i
                      style="height: 32px; line-height: 32px;"
                    >
                      <svg
                        class="eva eva-arrow-ios-downward-outline"
                        fill="black"
                        height="32px"
                        viewBox="0 0 24 24"
                        width="32px"
                        xmlns="http://www.w3.org/2000/svg"
                      >
                        <g
                          data-name="Layer 2"
                        >
                          <g
                            data-name="arrow-ios-downward"
                          >
                            <rect
                              height="24"
                              opacity="0"
                              width="24"
                            />
                            <path
                              d="M12 16a1 1 0 0 1-.64-.23l-6-5a1 1 0 1 1 1.28-1.54L12 13.71l5.36-4.32a1 1 0 0 1 1.41.15 1 1 0 0 1-.14 1.46l-6 4.83A1 1 0 0 1 12 16z"
                            />
                          </g>
                        </g>
                      </svg>
                    </i>
                  </span>
                </button>
                <div
                  class="collapse"
                >
                  <p
                    class="text"
                  >
                    Publish.faqAccordionText2
                  </p>
                </div>
              </div>
              <div
                class="container"
              >
                <button
                  class="btn btn btn-secondary"
                  type="button"
                >
                  Publish.faqAccordionTitle3
                  <span
                    class="icon icon"
                  >
                    <i
                      style="height: 32px; line-height: 32px;"
                    >
                      <svg
                        class="eva eva-arrow-ios-downward-outline"
                        fill="black"
                        height="32px"
                        viewBox="0 0 24 24"
                        width="32px"
                        xmlns="http://www.w3.org/2000/svg"
                      >
                        <g
                          data-name="Layer 2"
                        >
                          <g
                            data-name="arrow-ios-downward"
                          >
                            <rect
                              height="24"
                              opacity="0"
                              width="24"
                            />
                            <path
                              d="M12 16a1 1 0 0 1-.64-.23l-6-5a1 1 0 1 1 1.28-1.54L12 13.71l5.36-4.32a1 1 0 0 1 1.41.15 1 1 0 0 1-.14 1.46l-6 4.83A1 1 0 0 1 12 16z"
                            />
                          </g>
                        </g>
                      </svg>
                    </i>
                  </span>
                </button>
                <div
                  class="collapse"
                >
                  <p
                    class="text"
                  >
                    Publish.faqAccordionText3
                  </p>
                </div>
              </div>
              <div
                class="container"
              >
                <button
                  class="btn btn btn-secondary"
                  type="button"
                >
                  Publish.faqAccordionTitle4
                  <span
                    class="icon icon"
                  >
                    <i
                      style="height: 32px; line-height: 32px;"
                    >
                      <svg
                        class="eva eva-arrow-ios-downward-outline"
                        fill="black"
                        height="32px"
                        viewBox="0 0 24 24"
                        width="32px"
                        xmlns="http://www.w3.org/2000/svg"
                      >
                        <g
                          data-name="Layer 2"
                        >
                          <g
                            data-name="arrow-ios-downward"
                          >
                            <rect
                              height="24"
                              opacity="0"
                              width="24"
                            />
                            <path
                              d="M12 16a1 1 0 0 1-.64-.23l-6-5a1 1 0 1 1 1.28-1.54L12 13.71l5.36-4.32a1 1 0 0 1 1.41.15 1 1 0 0 1-.14 1.46l-6 4.83A1 1 0 0 1 12 16z"
                            />
                          </g>
                        </g>
                      </svg>
                    </i>
                  </span>
                </button>
                <div
                  class="collapse"
                >
                  <p
                    class="text"
                  >
                    Publish.faqAccordionText4
                  </p>
                </div>
              </div>
              <div
                class="container"
              >
                <button
                  class="btn btn btn-secondary"
                  type="button"
                >
                  Publish.faqAccordionTitle5
                  <span
                    class="icon icon"
                  >
                    <i
                      style="height: 32px; line-height: 32px;"
                    >
                      <svg
                        class="eva eva-arrow-ios-downward-outline"
                        fill="black"
                        height="32px"
                        viewBox="0 0 24 24"
                        width="32px"
                        xmlns="http://www.w3.org/2000/svg"
                      >
                        <g
                          data-name="Layer 2"
                        >
                          <g
                            data-name="arrow-ios-downward"
                          >
                            <rect
                              height="24"
                              opacity="0"
                              width="24"
                            />
                            <path
                              d="M12 16a1 1 0 0 1-.64-.23l-6-5a1 1 0 1 1 1.28-1.54L12 13.71l5.36-4.32a1 1 0 0 1 1.41.15 1 1 0 0 1-.14 1.46l-6 4.83A1 1 0 0 1 12 16z"
                            />
                          </g>
                        </g>
                      </svg>
                    </i>
                  </span>
                </button>
                <div
                  class="collapse"
                >
                  <p
                    class="text"
                  >
                    Publish.faqAccordionText5
                  </p>
                </div>
              </div>
            </div>
          </div>
          <div
            class="link"
          >
            <a
              class="link color_red"
              href="https://help.refugies.info/fr/"
              rel="noopener noreferrer"
              target="_blank"
            >
              <span>
                Publish.faqCTA
              </span>
              <span
                class="icon icon"
              >
                <i
                  style="height: 24px; line-height: 24px;"
                >
                  <svg
                    class="eva eva-arrow-forward-outline"
                    fill="red"
                    height="24px"
                    viewBox="0 0 24 24"
                    width="24px"
                    xmlns="http://www.w3.org/2000/svg"
                  >
                    <g
                      data-name="Layer 2"
                    >
                      <g
                        data-name="arrow-forward"
                      >
                        <rect
                          height="24"
                          opacity="0"
                          transform="rotate(-90 12 12)"
                          width="24"
                        />
                        <path
                          d="M5 13h11.86l-3.63 4.36a1 1 0 0 0 1.54 1.28l5-6a1.19 1.19 0 0 0 .09-.15c0-.05.05-.08.07-.13A1 1 0 0 0 20 12a1 1 0 0 0-.07-.36c0-.05-.05-.08-.07-.13a1.19 1.19 0 0 0-.09-.15l-5-6A1 1 0 0 0 14 5a1 1 0 0 0-.64.23 1 1 0 0 0-.13 1.41L16.86 11H5a1 1 0 0 0 0 2z"
                        />
                      </g>
                    </g>
                  </svg>
                </i>
              </span>
            </a>
          </div>
        </div>
      </div>
    </div>
    <div
      class="section bg_grey"
    >
      <span
        class="anchor"
        id="register"
      />
      <div
        class="register container"
      >
        <h2
          class="title2 mb-0"
        >
          StaticPages.registerTitle
        </h2>
        <p
          class="subtitle mb-14"
        >
          Publish.registerSubtitle
        </p>
        <button
          class="fr-btn fr-icon-arrow-right-line fr-btn--icon-right submit_btn"
          id="fr-button-:r0:"
        >
          login_or_signup
        </button>
      </div>
    </div>
  </div>
</DocumentFragment>
`;
