// Jest Snapshot v1, https://goo.gl/fbAQLP

exports[`Title snapshot test suite should render without bug 1`] = `
<Text
  selectable={true}
  style={
    [
      {
        "textAlign": "left",
      },
      {
        "color": "#212121",
        "fontFamily": "Marianne-Bold",
        "fontSize": 24,
        "lineHeight": 32,
        "marginBottom": 24,
      },
    ]
  }
>
  Mon titre
</Text>
`;
