// Jest Snapshot v1, https://goo.gl/fbAQLP

exports[`LanguageChoiceModal should render correctly 1`] = `
<Modal
  animationType="none"
  deviceHeight={null}
  deviceWidth={null}
  hardwareAccelerated={false}
  hideModalContentWhileAnimating={false}
  onBackdropPress={[MockFunction]}
  onModalHide={[Function]}
  onModalWillHide={[Function]}
  onModalWillShow={[Function]}
  onRequestClose={[Function]}
  panResponderThreshold={4}
  scrollHorizontal={false}
  scrollOffset={0}
  scrollOffsetMax={0}
  scrollTo={null}
  supportedOrientations={
    Array [
      "portrait",
      "landscape",
    ]
  }
  swipeThreshold={100}
  transparent={true}
  visible={false}
>
  <View
    forwardedRef={[Function]}
    style={
      Object {
        "backgroundColor": "transparent",
        "bottom": 0,
        "height": 1334,
        "left": 0,
        "opacity": 0,
        "position": "absolute",
        "right": 0,
        "top": 0,
        "width": 750,
      }
    }
  >
    <View
      accessibilityLabel="global.close_window_accessibility"
      accessibilityRole="button"
      accessible={true}
      focusable={true}
      onClick={[Function]}
      onResponderGrant={[Function]}
      onResponderMove={[Function]}
      onResponderRelease={[Function]}
      onResponderTerminate={[Function]}
      onResponderTerminationRequest={[Function]}
      onStartShouldSetResponder={[Function]}
      style={
        Array [
          Object {
            "backgroundColor": "#212121",
            "flexBasis": 0,
            "flexGrow": 1,
            "flexShrink": 1,
          },
        ]
      }
    />
  </View>
  <View
    deviceHeight={null}
    deviceWidth={null}
    forwardedRef={[Function]}
    hideModalContentWhileAnimating={false}
    onBackdropPress={[MockFunction]}
    onModalHide={[Function]}
    onModalWillHide={[Function]}
    onModalWillShow={[Function]}
    panResponderThreshold={4}
    pointerEvents="box-none"
    scrollHorizontal={false}
    scrollOffset={0}
    scrollOffsetMax={0}
    scrollTo={null}
    style={
      Object {
        "flex": 1,
        "justifyContent": "flex-end",
        "margin": 0,
        "transform": Array [
          Object {
            "translateY": 0,
          },
        ],
      }
    }
    supportedOrientations={
      Array [
        "portrait",
        "landscape",
      ]
    }
    swipeThreshold={100}
  >
    <View
      style={
        Array [
          Object {
            "backgroundColor": "#F6F6F6",
            "borderTopLeftRadius": 12,
            "borderTopRightRadius": 12,
            "display": "flex",
            "paddingHorizontal": 24,
            "paddingVertical": 8,
          },
          Object {
            "paddingBottom": undefined,
          },
        ]
      }
    >
      <Text
        style={
          Array [
            Object {
              "alignSelf": "center",
              "color": "#212121",
              "fontFamily": "circularBold",
              "fontSize": 19,
              "lineHeight": 24,
              "marginTop": 24,
              "textAlign": "left",
            },
          ]
        }
      />
      <RCTScrollView
        style={
          Array [
            Object {
              "marginBottom": 8,
              "marginTop": 16,
            },
          ]
        }
      >
        <View>
          <View>
            <View
              accessibilityRole="button"
              accessible={true}
              focusable={true}
              onClick={[Function]}
              onResponderGrant={[Function]}
              onResponderMove={[Function]}
              onResponderRelease={[Function]}
              onResponderTerminate={[Function]}
              onResponderTerminationRequest={[Function]}
              onStartShouldSetResponder={[Function]}
              style={
                Object {
                  "alignItems": "center",
                  "backgroundColor": "#F6F6F6",
                  "borderRadius": 12,
                  "display": "flex",
                  "flexDirection": "row",
                  "flexWrap": "wrap",
                  "justifyContent": "space-between",
                  "opacity": 1,
                  "paddingBottom": 16,
                  "paddingLeft": 16,
                  "paddingRight": 16,
                  "paddingTop": 16,
                }
              }
              testID="test-language-button-Français"
            >
              <View
                style={
                  Array [
                    Object {
                      "alignItems": "center",
                      "display": "flex",
                      "flexDirection": "row",
                    },
                  ]
                }
              >
                <View
                  style={
                    Array [
                      Object {
                        "alignItems": "center",
                        "backgroundColor": "#FFFFFF",
                        "borderRadius": 4,
                        "display": "flex",
                        "elevation": 6,
                        "height": 17,
                        "justifyContent": "center",
                        "marginBottom": 4,
                        "marginLeft": 4,
                        "marginRight": 4,
                        "marginTop": 4,
                        "shadowColor": "rgba(33, 33, 33, 0.16)",
                        "shadowOffset": Object {
                          "height": 1,
                          "width": 1,
                        },
                        "shadowOpacity": 1,
                        "shadowRadius": 8,
                        "width": 22,
                      },
                    ]
                  }
                >
                  <react-native-svg
                    height={15}
                    width={20}
                  />
                </View>
                <Text
                  isSelected={false}
                  style={
                    Array [
                      Object {
                        "color": "#212121",
                        "flexShrink": 1,
                        "fontFamily": "circularBold",
                        "fontSize": 16,
                        "lineHeight": 20,
                        "marginLeft": 8,
                        "textAlign": "left",
                      },
                    ]
                  }
                >
                  Français
                </Text>
              </View>
            </View>
            <View
              style={
                Array [
                  Object {
                    "backgroundColor": "#EDEBEB",
                    "height": 1,
                    "marginLeft": 16,
                    "marginRight": 16,
                  },
                ]
              }
            />
          </View>
          <View>
            <View
              accessibilityRole="button"
              accessible={true}
              focusable={true}
              onClick={[Function]}
              onResponderGrant={[Function]}
              onResponderMove={[Function]}
              onResponderRelease={[Function]}
              onResponderTerminate={[Function]}
              onResponderTerminationRequest={[Function]}
              onStartShouldSetResponder={[Function]}
              style={
                Object {
                  "alignItems": "center",
                  "backgroundColor": "#F6F6F6",
                  "borderRadius": 12,
                  "display": "flex",
                  "flexDirection": "row",
                  "flexWrap": "wrap",
                  "justifyContent": "space-between",
                  "opacity": 1,
                  "paddingBottom": 16,
                  "paddingLeft": 16,
                  "paddingRight": 16,
                  "paddingTop": 16,
                }
              }
              testID="test-language-button-Persan/Dari"
            >
              <View
                style={
                  Array [
                    Object {
                      "alignItems": "center",
                      "display": "flex",
                      "flexDirection": "row",
                    },
                  ]
                }
              >
                <View
                  style={
                    Array [
                      Object {
                        "alignItems": "center",
                        "backgroundColor": "#FFFFFF",
                        "borderRadius": 4,
                        "display": "flex",
                        "elevation": 6,
                        "height": 17,
                        "justifyContent": "center",
                        "marginBottom": 4,
                        "marginLeft": 4,
                        "marginRight": 4,
                        "marginTop": 4,
                        "shadowColor": "rgba(33, 33, 33, 0.16)",
                        "shadowOffset": Object {
                          "height": 1,
                          "width": 1,
                        },
                        "shadowOpacity": 1,
                        "shadowRadius": 8,
                        "width": 22,
                      },
                    ]
                  }
                >
                  <react-native-svg
                    height={15}
                    width={20}
                  />
                </View>
                <Text
                  isSelected={false}
                  style={
                    Array [
                      Object {
                        "color": "#212121",
                        "flexShrink": 1,
                        "fontFamily": "circularBold",
                        "fontSize": 16,
                        "lineHeight": 20,
                        "marginLeft": 8,
                        "textAlign": "left",
                      },
                    ]
                  }
                >
                  فارسی/ دری
                </Text>
                <View
                  style={
                    Array [
                      Object {
                        "alignItems": "center",
                        "display": "flex",
                        "flexDirection": "row",
                      },
                    ]
                  }
                >
                  <Text
                    isSelected={false}
                    style={
                      Array [
                        Object {
                          "color": "#212121",
                          "fontFamily": "circularBook",
                          "fontSize": 16,
                          "lineHeight": 20,
                          "textAlign": "left",
                        },
                      ]
                    }
                  >
                     - 
                    Persan/Dari
                  </Text>
                </View>
              </View>
            </View>
            <View
              style={
                Array [
                  Object {
                    "backgroundColor": "#EDEBEB",
                    "height": 1,
                    "marginLeft": 16,
                    "marginRight": 16,
                  },
                ]
              }
            />
          </View>
          <View>
            <View
              accessibilityRole="button"
              accessible={true}
              focusable={true}
              onClick={[Function]}
              onResponderGrant={[Function]}
              onResponderMove={[Function]}
              onResponderRelease={[Function]}
              onResponderTerminate={[Function]}
              onResponderTerminationRequest={[Function]}
              onStartShouldSetResponder={[Function]}
              style={
                Object {
                  "alignItems": "center",
                  "backgroundColor": "#F6F6F6",
                  "borderRadius": 12,
                  "display": "flex",
                  "flexDirection": "row",
                  "flexWrap": "wrap",
                  "justifyContent": "space-between",
                  "opacity": 1,
                  "paddingBottom": 16,
                  "paddingLeft": 16,
                  "paddingRight": 16,
                  "paddingTop": 16,
                }
              }
              testID="test-language-button-Arabe"
            >
              <View
                style={
                  Array [
                    Object {
                      "alignItems": "center",
                      "display": "flex",
                      "flexDirection": "row",
                    },
                  ]
                }
              >
                <View
                  style={
                    Array [
                      Object {
                        "alignItems": "center",
                        "backgroundColor": "#FFFFFF",
                        "borderRadius": 4,
                        "display": "flex",
                        "elevation": 6,
                        "height": 17,
                        "justifyContent": "center",
                        "marginBottom": 4,
                        "marginLeft": 4,
                        "marginRight": 4,
                        "marginTop": 4,
                        "shadowColor": "rgba(33, 33, 33, 0.16)",
                        "shadowOffset": Object {
                          "height": 1,
                          "width": 1,
                        },
                        "shadowOpacity": 1,
                        "shadowRadius": 8,
                        "width": 22,
                      },
                    ]
                  }
                >
                  <react-native-svg
                    height={15}
                    width={20}
                  />
                </View>
                <Text
                  isSelected={false}
                  style={
                    Array [
                      Object {
                        "color": "#212121",
                        "flexShrink": 1,
                        "fontFamily": "circularBold",
                        "fontSize": 16,
                        "lineHeight": 20,
                        "marginLeft": 8,
                        "textAlign": "left",
                      },
                    ]
                  }
                >
                  العربية
                </Text>
                <View
                  style={
                    Array [
                      Object {
                        "alignItems": "center",
                        "display": "flex",
                        "flexDirection": "row",
                      },
                    ]
                  }
                >
                  <Text
                    isSelected={false}
                    style={
                      Array [
                        Object {
                          "color": "#212121",
                          "fontFamily": "circularBook",
                          "fontSize": 16,
                          "lineHeight": 20,
                          "textAlign": "left",
                        },
                      ]
                    }
                  >
                     - 
                    Arabe
                  </Text>
                </View>
              </View>
            </View>
            <View
              style={
                Array [
                  Object {
                    "backgroundColor": "#EDEBEB",
                    "height": 1,
                    "marginLeft": 16,
                    "marginRight": 16,
                  },
                ]
              }
            />
          </View>
          <View>
            <View
              accessibilityRole="button"
              accessible={true}
              focusable={true}
              onClick={[Function]}
              onResponderGrant={[Function]}
              onResponderMove={[Function]}
              onResponderRelease={[Function]}
              onResponderTerminate={[Function]}
              onResponderTerminationRequest={[Function]}
              onStartShouldSetResponder={[Function]}
              style={
                Object {
                  "alignItems": "center",
                  "backgroundColor": "#F6F6F6",
                  "borderRadius": 12,
                  "display": "flex",
                  "flexDirection": "row",
                  "flexWrap": "wrap",
                  "justifyContent": "space-between",
                  "opacity": 1,
                  "paddingBottom": 16,
                  "paddingLeft": 16,
                  "paddingRight": 16,
                  "paddingTop": 16,
                }
              }
              testID="test-language-button-Anglais"
            >
              <View
                style={
                  Array [
                    Object {
                      "alignItems": "center",
                      "display": "flex",
                      "flexDirection": "row",
                    },
                  ]
                }
              >
                <View
                  style={
                    Array [
                      Object {
                        "alignItems": "center",
                        "backgroundColor": "#FFFFFF",
                        "borderRadius": 4,
                        "display": "flex",
                        "elevation": 6,
                        "height": 17,
                        "justifyContent": "center",
                        "marginBottom": 4,
                        "marginLeft": 4,
                        "marginRight": 4,
                        "marginTop": 4,
                        "shadowColor": "rgba(33, 33, 33, 0.16)",
                        "shadowOffset": Object {
                          "height": 1,
                          "width": 1,
                        },
                        "shadowOpacity": 1,
                        "shadowRadius": 8,
                        "width": 22,
                      },
                    ]
                  }
                >
                  <react-native-svg
                    height={15}
                    width={20}
                  />
                </View>
                <Text
                  isSelected={false}
                  style={
                    Array [
                      Object {
                        "color": "#212121",
                        "flexShrink": 1,
                        "fontFamily": "circularBold",
                        "fontSize": 16,
                        "lineHeight": 20,
                        "marginLeft": 8,
                        "textAlign": "left",
                      },
                    ]
                  }
                >
                  English
                </Text>
                <View
                  style={
                    Array [
                      Object {
                        "alignItems": "center",
                        "display": "flex",
                        "flexDirection": "row",
                      },
                    ]
                  }
                >
                  <Text
                    isSelected={false}
                    style={
                      Array [
                        Object {
                          "color": "#212121",
                          "fontFamily": "circularBook",
                          "fontSize": 16,
                          "lineHeight": 20,
                          "textAlign": "left",
                        },
                      ]
                    }
                  >
                     - 
                    Anglais
                  </Text>
                </View>
              </View>
            </View>
            <View
              style={
                Array [
                  Object {
                    "backgroundColor": "#EDEBEB",
                    "height": 1,
                    "marginLeft": 16,
                    "marginRight": 16,
                  },
                ]
              }
            />
          </View>
          <View>
            <View
              accessibilityRole="button"
              accessible={true}
              focusable={true}
              onClick={[Function]}
              onResponderGrant={[Function]}
              onResponderMove={[Function]}
              onResponderRelease={[Function]}
              onResponderTerminate={[Function]}
              onResponderTerminationRequest={[Function]}
              onStartShouldSetResponder={[Function]}
              style={
                Object {
                  "alignItems": "center",
                  "backgroundColor": "#F6F6F6",
                  "borderRadius": 12,
                  "display": "flex",
                  "flexDirection": "row",
                  "flexWrap": "wrap",
                  "justifyContent": "space-between",
                  "opacity": 1,
                  "paddingBottom": 16,
                  "paddingLeft": 16,
                  "paddingRight": 16,
                  "paddingTop": 16,
                }
              }
              testID="test-language-button-Pachto"
            >
              <View
                style={
                  Array [
                    Object {
                      "alignItems": "center",
                      "display": "flex",
                      "flexDirection": "row",
                    },
                  ]
                }
              >
                <View
                  style={
                    Array [
                      Object {
                        "alignItems": "center",
                        "backgroundColor": "#FFFFFF",
                        "borderRadius": 4,
                        "display": "flex",
                        "elevation": 6,
                        "height": 17,
                        "justifyContent": "center",
                        "marginBottom": 4,
                        "marginLeft": 4,
                        "marginRight": 4,
                        "marginTop": 4,
                        "shadowColor": "rgba(33, 33, 33, 0.16)",
                        "shadowOffset": Object {
                          "height": 1,
                          "width": 1,
                        },
                        "shadowOpacity": 1,
                        "shadowRadius": 8,
                        "width": 22,
                      },
                    ]
                  }
                >
                  <react-native-svg
                    height={15}
                    width={20}
                  />
                </View>
                <Text
                  isSelected={false}
                  style={
                    Array [
                      Object {
                        "color": "#212121",
                        "flexShrink": 1,
                        "fontFamily": "circularBold",
                        "fontSize": 16,
                        "lineHeight": 20,
                        "marginLeft": 8,
                        "textAlign": "left",
                      },
                    ]
                  }
                >
                  پښتو
                </Text>
                <View
                  style={
                    Array [
                      Object {
                        "alignItems": "center",
                        "display": "flex",
                        "flexDirection": "row",
                      },
                    ]
                  }
                >
                  <Text
                    isSelected={false}
                    style={
                      Array [
                        Object {
                          "color": "#212121",
                          "fontFamily": "circularBook",
                          "fontSize": 16,
                          "lineHeight": 20,
                          "textAlign": "left",
                        },
                      ]
                    }
                  >
                     - 
                    Pachto
                  </Text>
                </View>
              </View>
            </View>
            <View
              style={
                Array [
                  Object {
                    "backgroundColor": "#EDEBEB",
                    "height": 1,
                    "marginLeft": 16,
                    "marginRight": 16,
                  },
                ]
              }
            />
          </View>
          <View>
            <View
              accessibilityRole="button"
              accessible={true}
              focusable={true}
              onClick={[Function]}
              onResponderGrant={[Function]}
              onResponderMove={[Function]}
              onResponderRelease={[Function]}
              onResponderTerminate={[Function]}
              onResponderTerminationRequest={[Function]}
              onStartShouldSetResponder={[Function]}
              style={
                Object {
                  "alignItems": "center",
                  "backgroundColor": "#F6F6F6",
                  "borderRadius": 12,
                  "display": "flex",
                  "flexDirection": "row",
                  "flexWrap": "wrap",
                  "justifyContent": "space-between",
                  "opacity": 1,
                  "paddingBottom": 16,
                  "paddingLeft": 16,
                  "paddingRight": 16,
                  "paddingTop": 16,
                }
              }
              testID="test-language-button-Russe"
            >
              <View
                style={
                  Array [
                    Object {
                      "alignItems": "center",
                      "display": "flex",
                      "flexDirection": "row",
                    },
                  ]
                }
              >
                <View
                  style={
                    Array [
                      Object {
                        "alignItems": "center",
                        "backgroundColor": "#FFFFFF",
                        "borderRadius": 4,
                        "display": "flex",
                        "elevation": 6,
                        "height": 17,
                        "justifyContent": "center",
                        "marginBottom": 4,
                        "marginLeft": 4,
                        "marginRight": 4,
                        "marginTop": 4,
                        "shadowColor": "rgba(33, 33, 33, 0.16)",
                        "shadowOffset": Object {
                          "height": 1,
                          "width": 1,
                        },
                        "shadowOpacity": 1,
                        "shadowRadius": 8,
                        "width": 22,
                      },
                    ]
                  }
                >
                  <react-native-svg
                    height={15}
                    width={20}
                  />
                </View>
                <Text
                  isSelected={false}
                  style={
                    Array [
                      Object {
                        "color": "#212121",
                        "flexShrink": 1,
                        "fontFamily": "circularBold",
                        "fontSize": 16,
                        "lineHeight": 20,
                        "marginLeft": 8,
                        "textAlign": "left",
                      },
                    ]
                  }
                >
                  Русский
                </Text>
                <View
                  style={
                    Array [
                      Object {
                        "alignItems": "center",
                        "display": "flex",
                        "flexDirection": "row",
                      },
                    ]
                  }
                >
                  <Text
                    isSelected={false}
                    style={
                      Array [
                        Object {
                          "color": "#212121",
                          "fontFamily": "circularBook",
                          "fontSize": 16,
                          "lineHeight": 20,
                          "textAlign": "left",
                        },
                      ]
                    }
                  >
                     - 
                    Russe
                  </Text>
                </View>
              </View>
            </View>
            <View
              style={
                Array [
                  Object {
                    "backgroundColor": "#EDEBEB",
                    "height": 1,
                    "marginLeft": 16,
                    "marginRight": 16,
                  },
                ]
              }
            />
          </View>
          <View>
            <View
              accessibilityRole="button"
              accessible={true}
              focusable={true}
              onClick={[Function]}
              onResponderGrant={[Function]}
              onResponderMove={[Function]}
              onResponderRelease={[Function]}
              onResponderTerminate={[Function]}
              onResponderTerminationRequest={[Function]}
              onStartShouldSetResponder={[Function]}
              style={
                Object {
                  "alignItems": "center",
                  "backgroundColor": "#F6F6F6",
                  "borderRadius": 12,
                  "display": "flex",
                  "flexDirection": "row",
                  "flexWrap": "wrap",
                  "justifyContent": "space-between",
                  "opacity": 1,
                  "paddingBottom": 16,
                  "paddingLeft": 16,
                  "paddingRight": 16,
                  "paddingTop": 16,
                }
              }
              testID="test-language-button-Tigrinya"
            >
              <View
                style={
                  Array [
                    Object {
                      "alignItems": "center",
                      "display": "flex",
                      "flexDirection": "row",
                    },
                  ]
                }
              >
                <View
                  style={
                    Array [
                      Object {
                        "alignItems": "center",
                        "backgroundColor": "#FFFFFF",
                        "borderRadius": 4,
                        "display": "flex",
                        "elevation": 6,
                        "height": 17,
                        "justifyContent": "center",
                        "marginBottom": 4,
                        "marginLeft": 4,
                        "marginRight": 4,
                        "marginTop": 4,
                        "shadowColor": "rgba(33, 33, 33, 0.16)",
                        "shadowOffset": Object {
                          "height": 1,
                          "width": 1,
                        },
                        "shadowOpacity": 1,
                        "shadowRadius": 8,
                        "width": 22,
                      },
                    ]
                  }
                >
                  <react-native-svg
                    height={15}
                    width={20}
                  />
                </View>
                <Text
                  isSelected={false}
                  style={
                    Array [
                      Object {
                        "color": "#212121",
                        "flexShrink": 1,
                        "fontFamily": "circularBold",
                        "fontSize": 16,
                        "lineHeight": 20,
                        "marginLeft": 8,
                        "textAlign": "left",
                      },
                    ]
                  }
                >
                  ትግርኛ
                </Text>
                <View
                  style={
                    Array [
                      Object {
                        "alignItems": "center",
                        "display": "flex",
                        "flexDirection": "row",
                      },
                    ]
                  }
                >
                  <Text
                    isSelected={false}
                    style={
                      Array [
                        Object {
                          "color": "#212121",
                          "fontFamily": "circularBook",
                          "fontSize": 16,
                          "lineHeight": 20,
                          "textAlign": "left",
                        },
                      ]
                    }
                  >
                     - 
                    Tigrinya
                  </Text>
                </View>
              </View>
            </View>
            <View
              style={
                Array [
                  Object {
                    "backgroundColor": "#EDEBEB",
                    "height": 1,
                    "marginLeft": 16,
                    "marginRight": 16,
                  },
                ]
              }
            />
          </View>
          <View>
            <View
              accessibilityRole="button"
              accessible={true}
              focusable={true}
              onClick={[Function]}
              onResponderGrant={[Function]}
              onResponderMove={[Function]}
              onResponderRelease={[Function]}
              onResponderTerminate={[Function]}
              onResponderTerminationRequest={[Function]}
              onStartShouldSetResponder={[Function]}
              style={
                Object {
                  "alignItems": "center",
                  "backgroundColor": "#F6F6F6",
                  "borderRadius": 12,
                  "display": "flex",
                  "flexDirection": "row",
                  "flexWrap": "wrap",
                  "justifyContent": "space-between",
                  "opacity": 1,
                  "paddingBottom": 16,
                  "paddingLeft": 16,
                  "paddingRight": 16,
                  "paddingTop": 16,
                }
              }
              testID="test-language-button-Ukrainien"
            >
              <View
                style={
                  Array [
                    Object {
                      "alignItems": "center",
                      "display": "flex",
                      "flexDirection": "row",
                    },
                  ]
                }
              >
                <View
                  style={
                    Array [
                      Object {
                        "alignItems": "center",
                        "backgroundColor": "#FFFFFF",
                        "borderRadius": 4,
                        "display": "flex",
                        "elevation": 6,
                        "height": 17,
                        "justifyContent": "center",
                        "marginBottom": 4,
                        "marginLeft": 4,
                        "marginRight": 4,
                        "marginTop": 4,
                        "shadowColor": "rgba(33, 33, 33, 0.16)",
                        "shadowOffset": Object {
                          "height": 1,
                          "width": 1,
                        },
                        "shadowOpacity": 1,
                        "shadowRadius": 8,
                        "width": 22,
                      },
                    ]
                  }
                >
                  <react-native-svg
                    height={15}
                    width={20}
                  />
                </View>
                <Text
                  isSelected={false}
                  style={
                    Array [
                      Object {
                        "color": "#212121",
                        "flexShrink": 1,
                        "fontFamily": "circularBold",
                        "fontSize": 16,
                        "lineHeight": 20,
                        "marginLeft": 8,
                        "textAlign": "left",
                      },
                    ]
                  }
                >
                  українська мова
                </Text>
                <View
                  style={
                    Array [
                      Object {
                        "alignItems": "center",
                        "display": "flex",
                        "flexDirection": "row",
                      },
                    ]
                  }
                >
                  <Text
                    isSelected={false}
                    style={
                      Array [
                        Object {
                          "color": "#212121",
                          "fontFamily": "circularBook",
                          "fontSize": 16,
                          "lineHeight": 20,
                          "textAlign": "left",
                        },
                      ]
                    }
                  >
                     - 
                    Ukrainien
                  </Text>
                </View>
              </View>
            </View>
          </View>
        </View>
      </RCTScrollView>
      <View
        accessibilityRole="button"
        accessible={true}
        focusable={true}
        onClick={[Function]}
        onResponderGrant={[Function]}
        onResponderMove={[Function]}
        onResponderRelease={[Function]}
        onResponderTerminate={[Function]}
        onResponderTerminationRequest={[Function]}
        onStartShouldSetResponder={[Function]}
        style={
          Object {
            "alignItems": "center",
            "backgroundColor": "#FFFFFF",
            "borderRadius": 12,
            "display": "flex",
            "elevation": 6,
            "flexDirection": "row",
            "height": 56,
            "justifyContent": "center",
            "opacity": 1,
            "paddingBottom": 18,
            "paddingLeft": 18,
            "paddingRight": 18,
            "paddingTop": 18,
            "shadowColor": "rgba(33, 33, 33, 0.16)",
            "shadowOffset": Object {
              "height": 1,
              "width": 1,
            },
            "shadowOpacity": 1,
            "shadowRadius": 8,
            "width": "100%",
          }
        }
        testID="test-custom-button-Fermer"
      >
        <View
          style={
            Object {
              "transform": Array [
                Object {
                  "scale": 1,
                },
              ],
            }
          }
        >
          <RNSVGSvgView
            align="xMidYMid"
            bbHeight={24}
            bbWidth={24}
            fill="#212121"
            focusable={false}
            height={24}
            meetOrSlice={0}
            minX={0}
            minY={0}
            style={
              Array [
                Object {
                  "backgroundColor": "transparent",
                  "borderWidth": 0,
                },
                Object {},
                Object {
                  "flex": 0,
                  "height": 24,
                  "width": 24,
                },
              ]
            }
            vbHeight={24}
            vbWidth={24}
            width={24}
          >
            <RNSVGGroup
              fill={4280361249}
              propList={
                Array [
                  "fill",
                ]
              }
            >
              <RNSVGGroup>
                <RNSVGGroup>
                  <RNSVGRect
                    height="24"
                    matrix={
                      Array [
                        -1,
                        1.2246467991473532e-16,
                        -1.2246467991473532e-16,
                        -1,
                        24,
                        24,
                      ]
                    }
                    opacity={0}
                    width="24"
                    x={0}
                    y={0}
                  />
                  <RNSVGPath
                    d="M13.41 12l4.3-4.29a1 1 0 1 0-1.42-1.42L12 10.59l-4.29-4.3a1 1 0 0 0-1.42 1.42l4.3 4.29-4.3 4.29a1 1 0 0 0 0 1.42 1 1 0 0 0 1.42 0l4.29-4.3 4.29 4.3a1 1 0 0 0 1.42 0 1 1 0 0 0 0-1.42z"
                  />
                </RNSVGGroup>
              </RNSVGGroup>
            </RNSVGGroup>
          </RNSVGSvgView>
        </View>
        <Text
          hasIcon={true}
          iconFirst={true}
          style={
            Array [
              Object {
                "color": "#212121",
                "fontFamily": "circularBook",
                "fontSize": 16,
                "lineHeight": 20,
                "marginLeft": 8,
                "marginRight": 0,
                "textAlign": "left",
              },
            ]
          }
          textColor="#212121"
        />
      </View>
    </View>
  </View>
</Modal>
`;
